lib/googleSheetSuppliers.ts(7,30): error TS2307: Cannot find module '@/types' or its corresponding type declarations.
lib/purchaseService.ts(7,8): error TS2307: Cannot find module '@/types' or its corresponding type declarations.
