app/purchases/page.tsx(116,76): error TS2345: Argument of type '(RefObject<HTMLInputElement | null> | RefObject<HTMLTextAreaElement | null>)[]' is not assignable to parameter of type 'RefObject<HTMLInputElement | HTMLSelectElement | HTMLTextAreaElement>[]'.
  Type 'RefObject<HTMLInputElement | null> | RefObject<HTMLTextAreaElement | null>' is not assignable to type 'RefObject<HTMLInputElement | HTMLSelectElement | HTMLTextAreaElement>'.
    Type 'RefObject<HTMLInputElement | null>' is not assignable to type 'RefObject<HTMLInputElement | HTMLSelectElement | HTMLTextAreaElement>'.
      Type 'HTMLInputElement | null' is not assignable to type 'HTMLInputElement | HTMLSelectElement | HTMLTextAreaElement'.
        Type 'null' is not assignable to type 'HTMLInputElement | HTMLSelectElement | HTMLTextAreaElement'.
app/purchases/page.tsx(136,75): error TS2345: Argument of type '(RefObject<HTMLSelectElement | null> | RefObject<HTMLInputElement | null> | RefObject<HTMLTextAreaElement | null>)[]' is not assignable to parameter of type 'RefObject<HTMLInputElement | HTMLSelectElement | HTMLTextAreaElement>[]'.
  Type 'RefObject<HTMLSelectElement | null> | RefObject<HTMLInputElement | null> | RefObject<HTMLTextAreaElement | null>' is not assignable to type 'RefObject<HTMLInputElement | HTMLSelectElement | HTMLTextAreaElement>'.
    Type 'RefObject<HTMLSelectElement | null>' is not assignable to type 'RefObject<HTMLInputElement | HTMLSelectElement | HTMLTextAreaElement>'.
      Type 'HTMLSelectElement | null' is not assignable to type 'HTMLInputElement | HTMLSelectElement | HTMLTextAreaElement'.
        Type 'null' is not assignable to type 'HTMLInputElement | HTMLSelectElement | HTMLTextAreaElement'.
app/purchases/page.tsx(162,72): error TS2345: Argument of type '(RefObject<HTMLSelectElement | null> | RefObject<HTMLInputElement | null> | RefObject<HTMLTextAreaElement | null>)[]' is not assignable to parameter of type 'RefObject<HTMLInputElement | HTMLSelectElement | HTMLTextAreaElement>[]'.
  Type 'RefObject<HTMLSelectElement | null> | RefObject<HTMLInputElement | null> | RefObject<HTMLTextAreaElement | null>' is not assignable to type 'RefObject<HTMLInputElement | HTMLSelectElement | HTMLTextAreaElement>'.
    Type 'RefObject<HTMLSelectElement | null>' is not assignable to type 'RefObject<HTMLInputElement | HTMLSelectElement | HTMLTextAreaElement>'.
      Type 'HTMLSelectElement | null' is not assignable to type 'HTMLInputElement | HTMLSelectElement | HTMLTextAreaElement'.
        Type 'null' is not assignable to type 'HTMLInputElement | HTMLSelectElement | HTMLTextAreaElement'.
